ca65 V2.17 - Git 59ab140
Main file   : ..\src\objectview.a65
Current file: ..\src\objectview.a65

000000r 1               videoram	= SCREEN0
000000r 1               CURR_X_MSB	= $fe
000000r 1               CURR_X_HSB	= $ca
000000r 1               
000000r 1               SCREEN0		= $8010
000000r 1               SCREEN1		= $a010
000000r 1               SCREEN_0 	= $80
000000r 1               SCREEN_1 	= $a0
000000r 1               
000000r 1               rega		= $80
000000r 1               regx		= $81
000000r 1               regy		= $82
000000r 1               ptr		= $83
000000r 1               ptr1		= $85
000000r 1               cnt		= $87
000000r 1               
000000r 1               		.include "os.a65"
000000r 2               ;
000000r 2               ; System equates
000000r 2               ;
000000r 2               ; OS EQUATES
000000r 2               ; ----------
000000r 2               ;
000000r 2               ; Syntax:
000000r 2               ; Use '=' for addresses
000000r 2               ; and '<' for read addresses (ex: KBCODE)
000000r 2               ; and '>' for write addresses (ex: STIMER)
000000r 2               ; and '#' for values
000000r 2               ;
000000r 2               ; IO EQUATES
000000r 2               ;
000000r 2               ICHID       = $0000
000000r 2               ICDNO       = $0001
000000r 2               ICCOM       = $0002
000000r 2               ICSTA       = $0003
000000r 2               ICBAL       = $0004
000000r 2               ICBAH       = $0005
000000r 2               ICPTL       = $0006
000000r 2               ICPTH       = $0007
000000r 2               ICBLL       = $0008
000000r 2               ICBLH       = $0009
000000r 2               ICAX1       = $000A
000000r 2               ICAX2       = $000B
000000r 2               ICAX3       = $000C
000000r 2               ICAX4       = $000D
000000r 2               ICAX5       = $000E
000000r 2               ICAX6       = $000F
000000r 2               ;
000000r 2               ; DISPLAY LIST EQUATES
000000r 2               ;
000000r 2               ADLI        = $0080
000000r 2               AVB         = $0040
000000r 2               ALMS        = $0040
000000r 2               AVSCR       = $0020
000000r 2               AHSCR       = $0010
000000r 2               AJMP        = $0001
000000r 2               AEMPTY1     = $0000
000000r 2               AEMPTY2     = $0010
000000r 2               AEMPTY3     = $0020
000000r 2               AEMPTY4     = $0030
000000r 2               AEMPTY5     = $0040
000000r 2               AEMPTY6     = $0050
000000r 2               AEMPTY7     = $0060
000000r 2               AEMPTY8     = $0070
000000r 2               ;
000000r 2               ; OS VARIABLES FOR XL/XE
000000r 2               ;
000000r 2               ; PAGE 0
000000r 2               ;
000000r 2               NGFLAG      = $0001
000000r 2               CASINI      = $0002
000000r 2               RAMLO       = $0004
000000r 2               TRAMSZ      = $0006
000000r 2               CMCMD       = $0007
000000r 2               WARMST      = $0008
000000r 2               BOOT        = $0009
000000r 2               DOSVEC      = $000A
000000r 2               DOSINI      = $000C
000000r 2               APPMHI      = $000E
000000r 2               POKMSK      = $0010
000000r 2               BRKKEY      = $0011
000000r 2               RTCLOK      = $0012
000000r 2               BUFADR      = $0015
000000r 2               ICCOMT      = $0017
000000r 2               DSKFMS      = $0018
000000r 2               DSKUTL      = $001A
000000r 2               ABUFPT      = $001C
000000r 2               ICHIDZ      = $0020
000000r 2               ICDNOZ      = $0021
000000r 2               ICCOMZ      = $0022
000000r 2               ICSTAZ      = $0023
000000r 2               ICBALZ      = $0024
000000r 2               ICBAHZ      = $0025
000000r 2               ICPTLZ      = $0026
000000r 2               ICPTHZ      = $0027
000000r 2               ICBLLZ      = $0028
000000r 2               ICBLHZ      = $0029
000000r 2               ICAX1Z      = $002A
000000r 2               ICAX2Z      = $002B
000000r 2               ICAX3Z      = $002C
000000r 2               ICAX4Z      = $002D
000000r 2               ICAX5Z      = $002E
000000r 2               ICAX6Z      = $002F
000000r 2               STATUS      = $0030
000000r 2               CHKSUM      = $0031
000000r 2               BUFRLO      = $0032
000000r 2               BUFRHI      = $0033
000000r 2               BFENLO      = $0034
000000r 2               BFENHI      = $0035
000000r 2               LTEMP       = $0036
000000r 2               BUFRFL      = $0038
000000r 2               RECVDN      = $0039
000000r 2               XMTDON      = $003A
000000r 2               CHKSNT      = $003B
000000r 2               NOCKSM      = $003C
000000r 2               BPTR        = $003D
000000r 2               FTYPE       = $003E
000000r 2               FEOF        = $003F
000000r 2               FREQ        = $0040
000000r 2               SOUNDR      = $0041
000000r 2               CRITIC      = $0042
000000r 2               FMSZPG      = $0043
000000r 2               ZCHAIN      = $004A
000000r 2               DSTAT       = $004C
000000r 2               ATRACT      = $004D
000000r 2               DRKMSK      = $004E
000000r 2               COLRSH      = $004F
000000r 2               TEMP        = $0050
000000r 2               HOLD1       = $0051
000000r 2               LMARGN      = $0052
000000r 2               RMARGN      = $0053
000000r 2               ROWCRS      = $0054
000000r 2               COLCRS      = $0055
000000r 2               DINDEX      = $0057
000000r 2               SAVMSC      = $0058
000000r 2               OLDROW      = $005A
000000r 2               OLDCOL      = $005B
000000r 2               OLDCHR      = $005D
000000r 2               OLDADR      = $005E
000000r 2               FKDEF       = $0060
000000r 2               PALNTS      = $0062
000000r 2               LOGCOL      = $0063
000000r 2               ADRESS      = $0064
000000r 2               MLTTMP      = $0066
000000r 2               SAVADR      = $0068
000000r 2               RAMTOP      = $006A
000000r 2               BUFCNT      = $006B
000000r 2               BUFSTR      = $006C
000000r 2               BITMSK      = $006E
000000r 2               SHFAMT      = $006F
000000r 2               ROWAC       = $0070
000000r 2               COLAC       = $0072
000000r 2               ENDPT       = $0074
000000r 2               DELTAR      = $0076
000000r 2               DELTAC      = $0077
000000r 2               KEYDEF      = $0079
000000r 2               SWPFLG      = $007B
000000r 2               HOLDCH      = $007C
000000r 2               INSDAT      = $007D
000000r 2               COUNTR      = $007E
000000r 2               LOMEM       = $0080
000000r 2               ;
000000r 2               ; PAGE 2
000000r 2               ;
000000r 2               VDSLST      = $0200
000000r 2               VPRCED      = $0202
000000r 2               VINTER      = $0204
000000r 2               VBREAK      = $0206
000000r 2               VKEYBD      = $0208
000000r 2               VSERIN      = $020A
000000r 2               VSEROR      = $020C
000000r 2               VSEROC      = $020E
000000r 2               VTIMR1      = $0210
000000r 2               VTIMR2      = $0212
000000r 2               VTIMR4      = $0214
000000r 2               VIMIRQ      = $0216
000000r 2               CDTMV1      = $0218
000000r 2               CDTMV2      = $021A
000000r 2               CDTMV3      = $021C
000000r 2               CDTMV4      = $021E
000000r 2               CDTMV5      = $0220
000000r 2               VVBLKI      = $0222
000000r 2               VVBLKD      = $0224
000000r 2               CDTMA1      = $0226
000000r 2               CDTMA2      = $0228
000000r 2               CDTMF3      = $022A
000000r 2               SRTIMR      = $022B
000000r 2               CDTMF4      = $022C
000000r 2               INTEMP      = $022D
000000r 2               CDTMF5      = $022E
000000r 2               SDMCTL      = $022F
000000r 2               SDLSTL      = $0230
000000r 2               SDLSTH      = $0231
000000r 2               SSKCTL      = $0232
000000r 2               SPARE       = $0233
000000r 2               LPENH       = $0234
000000r 2               LPENV       = $0235
000000r 2               BRKKY       = $0236
000000r 2               VPIRQ       = $0238
000000r 2               CDEVIC      = $023A
000000r 2               CCOMND      = $023B
000000r 2               CAUX1       = $023C
000000r 2               CAUX2       = $023D
000000r 2               TMPSIO      = $023E
000000r 2               ERRFLG      = $023F
000000r 2               DFLAGS      = $0240
000000r 2               DBSECT      = $0241
000000r 2               BOOTAD      = $0242
000000r 2               COLDST      = $0244
000000r 2               RECLEN      = $0245
000000r 2               DSKTIM      = $0246
000000r 2               PDVMSK      = $0247
000000r 2               SHPDVS      = $0248
000000r 2               PDMSK       = $0249
000000r 2               RELADR      = $024A
000000r 2               PPTMPA      = $024C
000000r 2               PPTMPX      = $024D
000000r 2               CHSALT      = $026B
000000r 2               VSFLAG      = $026C
000000r 2               KEYDIS      = $026D
000000r 2               FINE        = $026E
000000r 2               GPRIOR      = $026F
000000r 2               PADDL0      = $0270
000000r 2               PADDL1      = $0271
000000r 2               PADDL2      = $0272
000000r 2               PADDL3      = $0273
000000r 2               PADDL4      = $0274
000000r 2               PADDL5      = $0275
000000r 2               PADDL6      = $0276
000000r 2               PADDL7      = $0277
000000r 2               STICK0      = $0278
000000r 2               STICK1      = $0279
000000r 2               STICK2      = $027A
000000r 2               STICK3      = $027B
000000r 2               PTRIG0      = $027C
000000r 2               PTRIG1      = $027D
000000r 2               PTRIG2      = $027E
000000r 2               PTRIG3      = $027F
000000r 2               PTRIG4      = $0280
000000r 2               PTRIG5      = $0281
000000r 2               PTRIG6      = $0282
000000r 2               PTRIG7      = $0283
000000r 2               STRIG0      = $0284
000000r 2               STRIG1      = $0285
000000r 2               STRIG2      = $0286
000000r 2               STRIG3      = $0287
000000r 2               HIBYTE      = $0288
000000r 2               WMODE       = $0289
000000r 2               BLIM        = $028A
000000r 2               IMASK       = $028B
000000r 2               JVECK       = $028C
000000r 2               NEWADR      = $028E
000000r 2               TXTROW      = $0290
000000r 2               TXTCOL      = $0291
000000r 2               TINDEX      = $0293
000000r 2               TXTMSC      = $0294
000000r 2               TXTOLD      = $0296
000000r 2               CRETRY      = $029C
000000r 2               HOLD3       = $029D
000000r 2               SUBTMP      = $029E
000000r 2               HOLD2       = $029F
000000r 2               DMASK       = $02A0
000000r 2               TMPLBT      = $02A1
000000r 2               ESCFLG      = $02A2
000000r 2               TABMAP      = $02A3
000000r 2               LOGMAP      = $02B2
000000r 2               INVFLG      = $02B6
000000r 2               FILFLG      = $02B7
000000r 2               TMPROW      = $02B8
000000r 2               TMPCOL      = $02B9
000000r 2               SCRFLG      = $02BB
000000r 2               HOLD4       = $02BC
000000r 2               DRETRY      = $02BD
000000r 2               SHFLOC      = $02BE
000000r 2               BOTSCR      = $02BF
000000r 2               PCOLR0      = $02C0
000000r 2               PCOLR1      = $02C1
000000r 2               PCOLR2      = $02C2
000000r 2               PCOLR3      = $02C3
000000r 2               COLOR0      = $02C4
000000r 2               COLOR1      = $02C5
000000r 2               COLOR2      = $02C6
000000r 2               COLOR3      = $02C7
000000r 2               COLOR4      = $02C8
000000r 2               RUNADR      = $02C9
000000r 2               HIUSED      = $02CB
000000r 2               ZHIUSE      = $02CD
000000r 2               GBYTEA      = $02CF
000000r 2               LOADAD      = $02D1
000000r 2               ZLOADA      = $02D3
000000r 2               DSCTLN      = $02D5
000000r 2               ACMISR      = $02D7
000000r 2               KRPDER      = $02D9
000000r 2               KEYREP      = $02DA
000000r 2               NOCLIK      = $02DB
000000r 2               HELPFG      = $02DC
000000r 2               DMASAV      = $02DD
000000r 2               PBPNT       = $02DE
000000r 2               PBUFSZ      = $02DF
000000r 2               RUNAD       = $02E0
000000r 2               INITAD      = $02E2
000000r 2               RAMSIZ      = $02E4
000000r 2               MEMTOP      = $02E5
000000r 2               MEMLO       = $02E7
000000r 2               HNDLOD      = $02E9
000000r 2               DVSTAT      = $02EA
000000r 2               CBAUDL      = $02EE
000000r 2               CBAUDH      = $02EF
000000r 2               CRSINH      = $02F0
000000r 2               KEYDEL      = $02F1
000000r 2               CH1         = $02F2
000000r 2               CHACT       = $02F3
000000r 2               CHBAS       = $02F4
000000r 2               NEWROW      = $02F5
000000r 2               NEWCOL      = $02F6
000000r 2               ROWINC      = $02F8
000000r 2               COLINC      = $02F9
000000r 2               CHAR        = $02FA
000000r 2               ATACHR      = $02FB
000000r 2               CH          = $02FC
000000r 2               FILDAT      = $02FD
000000r 2               DSPFLG      = $02FE
000000r 2               SSFLAG      = $02FF
000000r 2               ;
000000r 2               ; PAGE 3
000000r 2               ;
000000r 2               DDEVIC      = $0300
000000r 2               DUNIT       = $0301
000000r 2               DCOMND      = $0302
000000r 2               DSTATS      = $0303
000000r 2               DBUFLO      = $0304
000000r 2               DBUFHI      = $0305
000000r 2               DTIMLO      = $0306
000000r 2               DUNUSE      = $0307
000000r 2               DBYTLO      = $0308
000000r 2               DBYTHI      = $0309
000000r 2               DAUX1       = $030A
000000r 2               DAUX2       = $030B
000000r 2               TIMER1      = $030C
000000r 2               ADDCOR      = $030E
000000r 2               CASFLG      = $030F
000000r 2               TIMER2      = $0310
000000r 2               TEMP1       = $0312
000000r 2               TEMP2       = $0314
000000r 2               TEMP3       = $0315
000000r 2               SAVIO       = $0316
000000r 2               TIMFLG      = $0317
000000r 2               STACKP      = $0318
000000r 2               TSTAT       = $0319
000000r 2               HATABS      = $031A
000000r 2               PUPBT1      = $033D
000000r 2               PUPBT2      = $033E
000000r 2               PUPBT3      = $033F
000000r 2               IOCB0       = $0340
000000r 2               IOCB1       = $0350
000000r 2               IOCB2       = $0360
000000r 2               IOCB3       = $0370
000000r 2               IOCB4       = $0380
000000r 2               IOCB5       = $0390
000000r 2               IOCB6       = $03A0
000000r 2               IOCB7       = $03B0
000000r 2               PRNBUF      = $03C0
000000r 2               SUPERF      = $03E8
000000r 2               CKEY        = $03E9
000000r 2               CASSBT      = $03EA
000000r 2               CARTCK      = $03EB
000000r 2               DERRF       = $03EC
000000r 2               ACMVAR      = $03ED
000000r 2               BASICF      = $03F8
000000r 2               MINTLK      = $03F9
000000r 2               GINTLK      = $03FA
000000r 2               CHLINK      = $03FB
000000r 2               CASBUF      = $03FD
000000r 2               ;
000000r 2               ; HARDWARE REGISTERS
000000r 2               ;
000000r 2               ; GTIA
000000r 2               ;
000000r 2               M0PF        = $D000
000000r 2               HPOSP0      = $D000
000000r 2               M1PF        = $D001
000000r 2               HPOSP1      = $D001
000000r 2               M2PF        = $D002
000000r 2               HPOSP2      = $D002
000000r 2               M3PF        = $D003
000000r 2               HPOSP3      = $D003
000000r 2               P0PF        = $D004
000000r 2               HPOSM0      = $D004
000000r 2               P1PF        = $D005
000000r 2               HPOSM1      = $D005
000000r 2               P2PF        = $D006
000000r 2               HPOSM2      = $D006
000000r 2               P3PF        = $D007
000000r 2               HPOSM3      = $D007
000000r 2               M0PL        = $D008
000000r 2               SIZEP0      = $D008
000000r 2               M1PL        = $D009
000000r 2               SIZEP1      = $D009
000000r 2               M2PL        = $D00A
000000r 2               SIZEP2      = $D00A
000000r 2               M3PL        = $D00B
000000r 2               SIZEP3      = $D00B
000000r 2               P0PL        = $D00C
000000r 2               SIZEM       = $D00C
000000r 2               P1PL        = $D00D
000000r 2               GRAFP0      = $D00D
000000r 2               P2PL        = $D00E
000000r 2               GRAFP1      = $D00E
000000r 2               P3PL        = $D00F
000000r 2               GRAFP2      = $D00F
000000r 2               TRIG0       = $D010
000000r 2               GRAFP3      = $D010
000000r 2               TRIG1       = $D011
000000r 2               GRAFM       = $D011
000000r 2               TRIG2       = $D012
000000r 2               COLPM0      = $D012
000000r 2               TRIG3       = $D013
000000r 2               COLPM1      = $D013
000000r 2               PAL         = $D014
000000r 2               COLPM2      = $D014
000000r 2               COLPM3      = $D015
000000r 2               COLPF0      = $D016
000000r 2               COLPF1      = $D017
000000r 2               COLPF2      = $D018
000000r 2               COLPF3      = $D019
000000r 2               COLBK       = $D01A
000000r 2               PRIOR       = $D01B
000000r 2               VDELAY      = $D01C
000000r 2               GRACTL      = $D01D
000000r 2               HITCLR      = $D01E
000000r 2               CONSOL      = $D01F
000000r 2               ;
000000r 2               ; POKEY
000000r 2               ;
000000r 2               POT0        = $D200
000000r 2               AUDF1       = $D200
000000r 2               POT1        = $D201
000000r 2               AUDC1       = $D201
000000r 2               POT2        = $D202
000000r 2               AUDF2       = $D202
000000r 2               POT3        = $D203
000000r 2               AUDC2       = $D203
000000r 2               POT4        = $D204
000000r 2               AUDF3       = $D204
000000r 2               POT5        = $D205
000000r 2               AUDC3       = $D205
000000r 2               POT6        = $D206
000000r 2               AUDF4       = $D206
000000r 2               POT7        = $D207
000000r 2               AUDC4       = $D207
000000r 2               ALLPOT      = $D208
000000r 2               AUDCTL      = $D208
000000r 2               KBCODE      = $D209
000000r 2               STIMER      = $D209
000000r 2               RANDOM      = $D20A
000000r 2               SKREST      = $D20A
000000r 2               POTGO       = $D20B
000000r 2               SERIN       = $D20D
000000r 2               SEROUT      = $D20D
000000r 2               IRQST       = $D20E
000000r 2               IRQEN       = $D20E
000000r 2               SKSTAT      = $D20F
000000r 2               SKCTL       = $D20F
000000r 2               ;
000000r 2               ; PIA
000000r 2               ;
000000r 2               PORTA       = $D300
000000r 2               PORTB       = $D301
000000r 2               PACTL       = $D302
000000r 2               PBCTL       = $D303
000000r 2               ;
000000r 2               ; ANTIC
000000r 2               ;
000000r 2               DMACLT      = $D400
000000r 2               CHACTL      = $D401
000000r 2               DLISTL      = $D402
000000r 2               DLISTH      = $D403
000000r 2               HSCROL      = $D404
000000r 2               VSCROL      = $D405
000000r 2               PMBASE      = $D407
000000r 2               CHBASE      = $D409
000000r 2               WSYNC       = $D40A
000000r 2               VCOUNT      = $D40B
000000r 2               PENH        = $D40C
000000r 2               PENV        = $D40D
000000r 2               NMIEN       = $D40E
000000r 2               NMIST       = $D40F
000000r 2               NMIRES      = $D40F
000000r 2               ;
000000r 2               ; FLOATING POINT ROUTINES
000000r 2               ;
000000r 2               AFP         = $D800
000000r 2               FASC        = $D8E6
000000r 2               IFP         = $D9AA
000000r 2               FPI         = $D9D2
000000r 2               ZFR0        = $DA44
000000r 2               ZF1         = $DA46
000000r 2               FSUB        = $DA60
000000r 2               FADD        = $DA66
000000r 2               FMUL        = $DADB
000000r 2               FDIV        = $DB28
000000r 2               PLYEVL      = $DD40
000000r 2               FLD0R       = $DD89
000000r 2               FLD0P       = $DD8D
000000r 2               FLD1R       = $DD98
000000r 2               FLD1P       = $DD9C
000000r 2               FSTOR       = $DDA7
000000r 2               FSTOP       = $DDAB
000000r 2               FMOVE       = $DDB6
000000r 2               EXP         = $DDC0
000000r 2               EXP10       = $DDCC
000000r 2               LOG         = $DECD
000000r 2               LOG10       = $DED1
000000r 2               ;
000000r 2               ; ROM VECTORS
000000r 2               ;
000000r 2               DSKINV      = $E453
000000r 2               CIOV        = $E456
000000r 2               SIOV        = $E459
000000r 2               SETVBV      = $E45C
000000r 2               SYSVBV      = $E45F
000000r 2               XITVBV      = $E462
000000r 2               SIOINV      = $E465
000000r 2               SENDEV      = $E468
000000r 2               INTINV      = $E46B
000000r 2               CIOINV      = $E46E
000000r 2               SELFSV      = $E471
000000r 2               WARMSV      = $E474
000000r 2               COLDSV      = $E477
000000r 2               RBLOKV      = $E47A
000000r 2               CSOPIV      = $E47D
000000r 2               PUPDIV      = $E480
000000r 2               SELFTSV     = $E483
000000r 2               PENTV       = $E486
000000r 2               PHUNLV      = $E489
000000r 2               PHINIV      = $E48C
000000r 2               GPDVV       = $E48F
000000r 2               
000000r 1               
000000r 1               
000000r 1               		.org $2200
002200  1               
002200  1  A9 00        		lda	#0
002202  1  AA           		tax
002203  1  A8           		tay
002204  1  85 80        		sta	rega
002206  1               
002206  1  9D C3 22     fill_vertab:	sta	ver_tab_lo, x
002209  1  48           		pha
00220A  1  A5 80        		lda	rega
00220C  1  9D 63 23     		sta	ver_tab_hi, x
00220F  1  68           		pla
002210  1               
002210  1  18           		clc
002211  1  69 28        		adc	#40
002213  1  90 02        		bcc	fill_vertab1
002215  1  E6 80        		inc	rega
002217  1  E8           fill_vertab1:	inx
002218  1  E0 98        		cpx	#152
00221A  1  D0 EA        		bne	fill_vertab
00221C  1               
00221C  1  A9 53        		lda	#<dsplist
00221E  1  8D 30 02     		sta	SDLSTL
002221  1  A9 24        		lda	#>dsplist
002223  1  8D 31 02     		sta	SDLSTH
002226  1               
002226  1  A9 0F        		lda	#$0f
002228  1  8D C4 02     		sta	COLOR0
00222B  1  A9 46        		lda	#$46
00222D  1  8D C5 02     		sta	COLOR1
002230  1  A9 36        		lda	#$36
002232  1  8D C6 02     		sta	COLOR2
002235  1  A9 02        		lda	#2
002237  1  8D C7 02     		sta	COLOR3
00223A  1  A9 12        		lda	#$12
00223C  1  8D C8 02     		sta	COLOR4
00223F  1               
00223F  1  A5 14        		lda	RTCLOK+2
002241  1  C5 14        waitclock:	cmp	RTCLOK+2
002243  1  F0 FC        		beq	waitclock
002245  1               
002245  1  78           		sei
002246  1  A9 00        		lda	#0
002248  1  8D 0E D4     		sta	NMIEN
00224B  1               
00224B  1  A2 FE        		ldx	#CURR_X_MSB
00224D  1  A9 CA        		lda	#CURR_X_HSB
00224F  1  A0 00        		ldy	#0
002251  1  20 60 22     		jsr	hex16
002254  1               
002254  1  4C 54 22     end:		jmp	end
002257  1               
002257  1               ;
002257  1               ;
002257  1               ;
002257  1  91 83        stoptr:		sta	(ptr), y
002259  1  E6 83        incptr:		inc	ptr
00225B  1  D0 02        		bne	incptr1
00225D  1  E6 84        		inc	ptr + 1
00225F  1  60           incptr1:	rts
002260  1               
002260  1               ;
002260  1               ;
002260  1               ;
002260  1  84 82        hex16:		sty	regy	; Y = YPOS / A = HI / X = LO
002262  1  86 81        		stx	regx
002264  1  A2 00        		ldx	#0				;xpos
002266  1  20 73 22     		jsr	hex8
002269  1  A5 81        		lda	regx
00226B  1  A4 82        		ldy	regy
00226D  1  A2 02        		ldx	#2
00226F  1  20 73 22     		jsr	hex8
002272  1  60           		rts
002273  1               
002273  1  48           hex8:		pha		; A = NUM / Y = YPOS / X = XPOS
002274  1  4A           		lsr
002275  1  4A           		lsr
002276  1  4A           		lsr
002277  1  4A           		lsr
002278  1  20 7F 22     		jsr	hexnib
00227B  1  E8           		inx
00227C  1  68           		pla
00227D  1  29 0F        		and	#15
00227F  1               
00227F  1  18           hexnib:		clc		; A = NUM / Y = YPOS / X = XPOS
002280  1  69 03        		adc	#<HEX0
002282  1  85 85        		sta	ptr1
002284  1  A9 24        		lda	#>HEX0
002286  1  69 00        		adc	#0
002288  1  85 86        		sta	ptr1+1
00228A  1               
00228A  1  8A           		txa
00228B  1  18           		clc
00228C  1  69 10        		adc	#<SCREEN0
00228E  1  79 C3 22     		adc	ver_tab_lo, y
002291  1  85 83        		sta	ptr
002293  1  B9 63 23     		lda	ver_tab_hi, y
002296  1  69 80        		adc	#>SCREEN0
002298  1  85 84        		sta	ptr+1
00229A  1  A9 05        		lda	#5
00229C  1  85 87        		sta	cnt
00229E  1               
00229E  1  98           		tya
00229F  1  48           		pha
0022A0  1               
0022A0  1  A0 00        		ldy	#0
0022A2  1  B1 85        hex8_1:		lda	(ptr1), y
0022A4  1               		;eor	#$ff
0022A4  1  91 83        		sta	(ptr), y
0022A6  1               
0022A6  1  18           		clc
0022A7  1  A5 83        		lda	ptr
0022A9  1  69 28        		adc	#40
0022AB  1  85 83        		sta	ptr
0022AD  1  90 02        		bcc	*+4
0022AF  1  E6 84        		inc	ptr+1
0022B1  1               
0022B1  1  18           		clc
0022B2  1  A5 85        		lda	ptr1
0022B4  1  69 10        		adc	#16
0022B6  1  85 85        		sta	ptr1
0022B8  1  90 02        		bcc	*+4
0022BA  1  E6 86        		inc	ptr1+1
0022BC  1               
0022BC  1  C6 87        		dec	cnt
0022BE  1  D0 E2        		bne	hex8_1
0022C0  1               
0022C0  1  68           		pla
0022C1  1  A8           		tay
0022C2  1  60           		rts
0022C3  1               
0022C3  1               
0022C3  1  00 00 00 00  ver_tab_lo:	.word 0, 0, 0, 0, 0, 0, 0, 0
0022C7  1  00 00 00 00  
0022CB  1  00 00 00 00  
0022D3  1  00 00 00 00  		.word 0, 0, 0, 0, 0, 0, 0, 0
0022D7  1  00 00 00 00  
0022DB  1  00 00 00 00  
0022E3  1  00 00 00 00  		.word 0, 0, 0, 0, 0, 0, 0, 0
0022E7  1  00 00 00 00  
0022EB  1  00 00 00 00  
0022F3  1  00 00 00 00  		.word 0, 0, 0, 0, 0, 0, 0, 0
0022F7  1  00 00 00 00  
0022FB  1  00 00 00 00  
002303  1  00 00 00 00  		.word 0, 0, 0, 0, 0, 0, 0, 0
002307  1  00 00 00 00  
00230B  1  00 00 00 00  
002313  1  00 00 00 00  		.word 0, 0, 0, 0, 0, 0, 0, 0
002317  1  00 00 00 00  
00231B  1  00 00 00 00  
002323  1  00 00 00 00  		.word 0, 0, 0, 0, 0, 0, 0, 0
002327  1  00 00 00 00  
00232B  1  00 00 00 00  
002333  1  00 00 00 00  		.word 0, 0, 0, 0, 0, 0, 0, 0
002337  1  00 00 00 00  
00233B  1  00 00 00 00  
002343  1  00 00 00 00  		.word 0, 0, 0, 0, 0, 0, 0, 0
002347  1  00 00 00 00  
00234B  1  00 00 00 00  
002353  1  00 00 00 00  		.word 0, 0, 0, 0, 0, 0, 0, 0
002357  1  00 00 00 00  
00235B  1  00 00 00 00  
002363  1               
002363  1  00 00 00 00  ver_tab_hi:	.word 0, 0, 0, 0, 0, 0, 0, 0
002367  1  00 00 00 00  
00236B  1  00 00 00 00  
002373  1  00 00 00 00  		.word 0, 0, 0, 0, 0, 0, 0, 0
002377  1  00 00 00 00  
00237B  1  00 00 00 00  
002383  1  00 00 00 00  		.word 0, 0, 0, 0, 0, 0, 0, 0
002387  1  00 00 00 00  
00238B  1  00 00 00 00  
002393  1  00 00 00 00  		.word 0, 0, 0, 0, 0, 0, 0, 0
002397  1  00 00 00 00  
00239B  1  00 00 00 00  
0023A3  1  00 00 00 00  		.word 0, 0, 0, 0, 0, 0, 0, 0
0023A7  1  00 00 00 00  
0023AB  1  00 00 00 00  
0023B3  1  00 00 00 00  		.word 0, 0, 0, 0, 0, 0, 0, 0
0023B7  1  00 00 00 00  
0023BB  1  00 00 00 00  
0023C3  1  00 00 00 00  		.word 0, 0, 0, 0, 0, 0, 0, 0
0023C7  1  00 00 00 00  
0023CB  1  00 00 00 00  
0023D3  1  00 00 00 00  		.word 0, 0, 0, 0, 0, 0, 0, 0
0023D7  1  00 00 00 00  
0023DB  1  00 00 00 00  
0023E3  1  00 00 00 00  		.word 0, 0, 0, 0, 0, 0, 0, 0
0023E7  1  00 00 00 00  
0023EB  1  00 00 00 00  
0023F3  1  00 00 00 00  		.word 0, 0, 0, 0, 0, 0, 0, 0
0023F7  1  00 00 00 00  
0023FB  1  00 00 00 00  
002403  1               
002403  1               ;			0		1	2	3	4		5	6	7	8		9
002403  1  15 04 15 15  HEX0:		.BYTE	%00010101,%00000100,%00010101,%00010101,%00010001,%00010101,%00010101,%00010101,%00010101,%00010101,%00010101,%00010000,%00010101,%00000001,%00010101,%00010101
002407  1  11 15 15 15  
00240B  1  15 15 15 10  
002413  1  11 14 01 01  HEX1:		.BYTE	%00010001,%00010100,%00000001,%00000001,%00010001,%00010000,%00010000,%00000001,%00010001,%00010001,%00010001,%00010000,%00010000,%00000001,%00010000,%00010000
002417  1  11 10 10 01  
00241B  1  11 11 11 10  
002423  1  11 04 15 15  HEX2:		.BYTE	%00010001,%00000100,%00010101,%00010101,%00010101,%00010101,%00010101,%00000001,%00010101,%00010101,%00010101,%00010101,%00010000,%00010101,%00010101,%00010100
002427  1  15 15 15 01  
00242B  1  15 15 15 15  
002433  1  11 04 10 01  HEX3:		.BYTE	%00010001,%00000100,%00010000,%00000001,%00000001,%00000001,%00010001,%00000001,%00010001,%00000001,%00010001,%00010001,%00010000,%00010001,%00010000,%00010000
002437  1  01 01 11 01  
00243B  1  11 01 11 11  
002443  1  15 15 15 15  HEX4:		.BYTE	%00010101,%00010101,%00010101,%00010101,%00000001,%00010101,%00010101,%00000001,%00010101,%00010101,%00010001,%00010101,%00010101,%00010101,%00010101,%00010000
002447  1  01 15 15 01  
00244B  1  15 15 11 15  
002453  1               
002453  1               		.include "dsplist.a65"
002453  2  70 70 70     dsplist:	.byte	$70,$70,$70
002456  2  4E           		.byte	$4E
002457  2  10 80        		.word	videoram
002459  2  0E 0E 0E 0E  		.byte	$0E,$0E,$0E,$0E,$0E
00245D  2  0E           
00245E  2  0E 0E 0E 0E  		.byte	$0E,$0E,$0E,$0E,$0E,$0E,$0E,$0E,$0E,$0E,$0E,$0E,$0E,$0E,$0E,$0E
002462  2  0E 0E 0E 0E  
002466  2  0E 0E 0E 0E  
00246E  2  0E 0E 0E 0E  		.byte	$0E,$0E,$0E,$0E,$0E,$0E,$0E,$0E,$0E,$0E,$0E,$0E,$0E,$0E,$0E,$0E
002472  2  0E 0E 0E 0E  
002476  2  0E 0E 0E 0E  
00247E  2  0E 0E 0E 0E  		.byte	$0E,$0E,$0E,$0E,$0E,$0E,$0E,$0E,$0E,$0E,$0E,$0E,$0E,$0E,$0E,$0E
002482  2  0E 0E 0E 0E  
002486  2  0E 0E 0E 0E  
00248E  2  0E 0E 0E 0E  		.byte	$0E,$0E,$0E,$0E,$0E,$0E,$0E,$0E,$0E,$0E,$0E,$0E,$0E,$0E,$0E,$0E
002492  2  0E 0E 0E 0E  
002496  2  0E 0E 0E 0E  
00249E  2  0E 0E 0E 0E  		.byte	$0E,$0E,$0E,$0E,$0E,$0E,$0E,$0E,$0E,$0E,$0E,$0E,$0E,$0E,$0E,$0E
0024A2  2  0E 0E 0E 0E  
0024A6  2  0E 0E 0E 0E  
0024AE  2  0E 0E 0E 0E  		.byte	$0E,$0E,$0E,$0E,$0E,$0E,$0E,$0E,$0E,$0E,$0E,$0E,$0E,$0E,$0E,$0E
0024B2  2  0E 0E 0E 0E  
0024B6  2  0E 0E 0E 0E  
0024BE  2  4E           		.byte	$4E
0024BF  2  10 90        		.word	videoram+$1000
0024C1  2  0E 0E        		.byte	$0E,$0E
0024C3  2  0E 0E 0E 0E  		.byte	$0E,$0E,$0E,$0E,$0E,$0E,$0E,$0E,$0E,$0E,$0E,$0E,$0E,$0E,$0E,$0E
0024C7  2  0E 0E 0E 0E  
0024CB  2  0E 0E 0E 0E  
0024D3  2  0E 0E 0E 0E  		.byte	$0E,$0E,$0E,$0E,$0E,$0E,$0E,$0E,$0E,$0E,$0E,$0E,$0E,$0E,$0E,$0E
0024D7  2  0E 0E 0E 0E  
0024DB  2  0E 0E 0E 0E  
0024E3  2  0E 0E 0E 0E  		.byte	$0E,$0E,$0E,$0E,$0E,$0E,$0E,$0E,$0E,$0E,$0E,$0E,$0E,$0E
0024E7  2  0E 0E 0E 0E  
0024EB  2  0E 0E 0E 0E  
0024F1  2               ;		.byte	$8E,$30,$42,$D0,$97,$02,$82,$02,$02,$02
0024F1  2  0E           		.byte	$0E
0024F2  2  41           		.byte	$41
0024F3  2  53 24        		.word	dsplist
0024F5  2               
0024F5  2               
0024F5  1               
